// Jest Snapshot v1, https://goo.gl/fbAQLP

exports[`Main Component should render correctly 1`] = `
<main
  class="styles__Wrapper-sc-dzx1ao-0 hqkVBq"
>
  <img
    alt="Imagem de um átomo e React Avançado escrito ao lado"
    class="styles__Logo-sc-dzx1ao-1 ceslXl"
    src="/img/logo.svg"
  />
  <h1
    class="styles__Title-sc-dzx1ao-2 iNqpKH"
  >
    React Avançado
  </h1>
  <h2
    class="styles__Description-sc-dzx1ao-3 kprCTY"
  >
    TypeScript, ReactJs, NextJs e Styled Components
  </h2>
  <img
    alt="Desenvolvedor de frente para a tela com código"
    class="styles__Illustration-sc-dzx1ao-4 iiLMAF"
    src="/img/hero-illustration.svg"
  />
</main>
`;
